{"timestamp":"2026-09-18T11:24:28.223457Z","level":"info","event":"::group::Pre Execute","logger":"task","filename":"task_runner.py","lineno":2412}
{"timestamp":"2026-09-18T11:24:28.246160Z","level":"info","event":"DAG bundles loaded: dags-folder, example_dags, apache-airflow-providers-common-sql-example-dags, apache-airflow-providers-standard-example-dags","task_id":"load","ti_id":"01a0b442-b3b1-78fa-910e-6b24462aabab","map_index":-1,"run_id":"manual__2026-09-18T11:24:25.361118+00:00","dag_id":"municipal_service_pipeline","try_number":1,"logger":"airflow.dag_processing.bundles.manager.DagBundlesManager","filename":"manager.py","lineno":304}
{"timestamp":"2026-09-18T11:24:28.247027Z","level":"info","event":"Filling up the DagBag from /opt/airflow/dags/municipal_pipeline.py","task_id":"load","ti_id":"01a0b442-b3b1-78fa-910e-6b24462aabab","map_index":-1,"run_id":"manual__2026-09-18T11:24:25.361118+00:00","dag_id":"municipal_service_pipeline","try_number":1,"logger":"airflow.dag_processing.dagbag.BundleDagBag","filename":"dagbag.py","lineno":460}
{"timestamp":"2026-09-18T11:24:28.257331Z","level":"info","event":"Worker startup parse complete","bundle_name":"dags-folder","bundle_version":null,"dag_file":"municipal_pipeline.py","dag_id":"municipal_service_pipeline","bundle_prepare_ms":2,"dag_file_parse_ms":10,"task_id":"load","ti_id":"01a0b442-b3b1-78fa-910e-6b24462aabab","map_index":-1,"run_id":"manual__2026-09-18T11:24:25.361118+00:00","try_number":1,"logger":"task","filename":"task_runner.py","lineno":1073}
{"timestamp":"2026-09-18T11:24:28.287094Z","level":"info","event":"Task instance is in running state","logger":"task.stdout"}
{"timestamp":"2026-09-18T11:24:28.287311Z","level":"info","event":" Previous state of the Task instance: TaskInstanceState.QUEUED","logger":"task.stdout"}
{"timestamp":"2026-09-18T11:24:28.287421Z","level":"info","event":"Current task name:load","logger":"task.stdout"}
{"timestamp":"2026-09-18T11:24:28.287508Z","level":"info","event":"Dag name:municipal_service_pipeline","logger":"task.stdout"}
{"timestamp":"2026-09-18T11:24:28.287466Z","level":"info","event":"::endgroup::","task_id":"load","ti_id":"01a0b442-b3b1-78fa-910e-6b24462aabab","map_index":-1,"run_id":"manual__2026-09-18T11:24:25.361118+00:00","dag_id":"municipal_service_pipeline","try_number":1,"logger":"task","filename":"task_runner.py","lineno":2232}
{"timestamp":"2026-09-18T11:24:28.289117Z","level":"info","event":"Loading municipal service data...","logger":"task.stdout"}
{"timestamp":"2026-09-18T11:24:28.289243Z","level":"info","event":"{'id': 1, 'status': 'Resolved', 'service': 'Water'}","logger":"task.stdout"}
{"timestamp":"2026-09-18T11:24:28.289324Z","level":"info","event":"{'id': 2, 'status': 'Pending', 'service': 'Electricity'}","logger":"task.stdout"}
{"timestamp":"2026-09-18T11:24:28.289472Z","level":"info","event":"{'id': 3, 'status': 'Resolved', 'service': 'Refuse'}","logger":"task.stdout"}
{"timestamp":"2026-09-18T11:24:28.289564Z","level":"info","event":"Load complete!","logger":"task.stdout"}
{"timestamp":"2026-09-18T11:24:28.289193Z","level":"info","event":"Done. Returned value was: None","task_id":"load","ti_id":"01a0b442-b3b1-78fa-910e-6b24462aabab","map_index":-1,"run_id":"manual__2026-09-18T11:24:25.361118+00:00","dag_id":"municipal_service_pipeline","try_number":1,"logger":"airflow.task.operators.airflow.providers.standard.decorators.python._PythonDecoratedOperator","filename":"python.py","lineno":233}
{"timestamp":"2026-09-18T11:24:28.289341Z","level":"info","event":"::group::Post Execute","task_id":"load","ti_id":"01a0b442-b3b1-78fa-910e-6b24462aabab","map_index":-1,"run_id":"manual__2026-09-18T11:24:25.361118+00:00","dag_id":"municipal_service_pipeline","try_number":1,"logger":"task","filename":"task_runner.py","lineno":1580}
{"timestamp":"2026-09-18T11:24:28.303727Z","level":"info","event":"Task instance in success state","logger":"task.stdout"}
{"timestamp":"2026-09-18T11:24:28.303877Z","level":"info","event":" Previous state of the Task instance: TaskInstanceState.RUNNING","logger":"task.stdout"}
{"timestamp":"2026-09-18T11:24:28.304024Z","level":"info","event":"Task operator:<Task(_PythonDecoratedOperator): load>","logger":"task.stdout"}
{"timestamp":"2026-09-18T11:24:28.304015Z","level":"info","event":"::endgroup::","task_id":"load","ti_id":"01a0b442-b3b1-78fa-910e-6b24462aabab","map_index":-1,"run_id":"manual__2026-09-18T11:24:25.361118+00:00","dag_id":"municipal_service_pipeline","try_number":1,"logger":"task","filename":"task_runner.py","lineno":2379}
