{"timestamp":"2026-09-18T11:23:15.583967Z","level":"info","event":"::group::Pre Execute","logger":"task","filename":"task_runner.py","lineno":2412}
{"timestamp":"2026-09-18T11:23:15.598726Z","level":"info","event":"DAG bundles loaded: dags-folder, example_dags, apache-airflow-providers-common-sql-example-dags, apache-airflow-providers-standard-example-dags","task_id":"load","ti_id":"01a0b441-8bfe-7da8-9f41-375e2de59af4","run_id":"scheduled__2026-09-17T22:00:00+00:00","try_number":1,"map_index":-1,"dag_id":"municipal_service_pipeline","logger":"airflow.dag_processing.bundles.manager.DagBundlesManager","filename":"manager.py","lineno":304}
{"timestamp":"2026-09-18T11:23:15.599272Z","level":"info","event":"Filling up the DagBag from /opt/airflow/dags/municipal_pipeline.py","task_id":"load","ti_id":"01a0b441-8bfe-7da8-9f41-375e2de59af4","run_id":"scheduled__2026-09-17T22:00:00+00:00","try_number":1,"map_index":-1,"dag_id":"municipal_service_pipeline","logger":"airflow.dag_processing.dagbag.BundleDagBag","filename":"dagbag.py","lineno":460}
{"timestamp":"2026-09-18T11:23:15.608596Z","level":"info","event":"Worker startup parse complete","bundle_name":"dags-folder","bundle_version":null,"dag_file":"municipal_pipeline.py","dag_id":"municipal_service_pipeline","bundle_prepare_ms":1,"dag_file_parse_ms":9,"task_id":"load","ti_id":"01a0b441-8bfe-7da8-9f41-375e2de59af4","run_id":"scheduled__2026-09-17T22:00:00+00:00","try_number":1,"map_index":-1,"logger":"task","filename":"task_runner.py","lineno":1073}
{"timestamp":"2026-09-18T11:23:15.634582Z","level":"info","event":"Task instance is in running state","logger":"task.stdout"}
{"timestamp":"2026-09-18T11:23:15.634804Z","level":"info","event":" Previous state of the Task instance: TaskInstanceState.QUEUED","logger":"task.stdout"}
{"timestamp":"2026-09-18T11:23:15.634866Z","level":"info","event":"Current task name:load","logger":"task.stdout"}
{"timestamp":"2026-09-18T11:23:15.634899Z","level":"info","event":"Dag name:municipal_service_pipeline","logger":"task.stdout"}
{"timestamp":"2026-09-18T11:23:15.634992Z","level":"info","event":"::endgroup::","task_id":"load","ti_id":"01a0b441-8bfe-7da8-9f41-375e2de59af4","run_id":"scheduled__2026-09-17T22:00:00+00:00","try_number":1,"map_index":-1,"dag_id":"municipal_service_pipeline","logger":"task","filename":"task_runner.py","lineno":2232}
{"timestamp":"2026-09-18T11:23:15.636711Z","level":"info","event":"Loading municipal service data...","logger":"task.stdout"}
{"timestamp":"2026-09-18T11:23:15.636843Z","level":"info","event":"{'id': 1, 'status': 'Resolved', 'service': 'Water'}","logger":"task.stdout"}
{"timestamp":"2026-09-18T11:23:15.636931Z","level":"info","event":"{'id': 2, 'status': 'Pending', 'service': 'Electricity'}","logger":"task.stdout"}
{"timestamp":"2026-09-18T11:23:15.637063Z","level":"info","event":"{'id': 3, 'status': 'Resolved', 'service': 'Refuse'}","logger":"task.stdout"}
{"timestamp":"2026-09-18T11:23:15.637147Z","level":"info","event":"Load complete!","logger":"task.stdout"}
{"timestamp":"2026-09-18T11:23:15.636791Z","level":"info","event":"Done. Returned value was: None","task_id":"load","ti_id":"01a0b441-8bfe-7da8-9f41-375e2de59af4","run_id":"scheduled__2026-09-17T22:00:00+00:00","try_number":1,"map_index":-1,"dag_id":"municipal_service_pipeline","logger":"airflow.task.operators.airflow.providers.standard.decorators.python._PythonDecoratedOperator","filename":"python.py","lineno":233}
{"timestamp":"2026-09-18T11:23:15.636945Z","level":"info","event":"::group::Post Execute","task_id":"load","ti_id":"01a0b441-8bfe-7da8-9f41-375e2de59af4","run_id":"scheduled__2026-09-17T22:00:00+00:00","try_number":1,"map_index":-1,"dag_id":"municipal_service_pipeline","logger":"task","filename":"task_runner.py","lineno":1580}
{"timestamp":"2026-09-18T11:23:15.649905Z","level":"info","event":"Task instance in success state","logger":"task.stdout"}
{"timestamp":"2026-09-18T11:23:15.650072Z","level":"info","event":" Previous state of the Task instance: TaskInstanceState.RUNNING","logger":"task.stdout"}
{"timestamp":"2026-09-18T11:23:15.650234Z","level":"info","event":"Task operator:<Task(_PythonDecoratedOperator): load>","logger":"task.stdout"}
{"timestamp":"2026-09-18T11:23:15.650249Z","level":"info","event":"::endgroup::","task_id":"load","ti_id":"01a0b441-8bfe-7da8-9f41-375e2de59af4","run_id":"scheduled__2026-09-17T22:00:00+00:00","try_number":1,"map_index":-1,"dag_id":"municipal_service_pipeline","logger":"task","filename":"task_runner.py","lineno":2379}
